// Jest Snapshot v1, https://goo.gl/fbAQLP

exports[`MapBox integration should  1`] = `
<div>
  <div
    class="mapContainer"
    data-testid="mapContainer"
    role="application"
  >
    <div
      class="mapboxgl-marker mapboxgl-marker-anchor-center"
    >
      <div
        class="station-marker zoom-MEDIUM has-bikes-available has-locks-available"
        role="tooltip"
      >
        <img
          alt="Oslo Bysykkel-logo"
          class="oslobysykkel-logo"
          src="oslobysykkel-logo.png"
        />
        <div
          class="bikes"
        >
          <span
            aria-label="sykkel"
            role="img"
          >
            ðŸš²
          </span>
           
          8
        </div>
        <div
          class="locks"
        >
          <span
            aria-label="sykkel"
            role="img"
          >
            ðŸ”’
          </span>
           
          5
        </div>
      </div>
    </div>
    <div
      class="mapboxgl-marker mapboxgl-marker-anchor-center"
    >
      <div
        class="station-marker zoom-MEDIUM has-bikes-available has-locks-available"
        role="tooltip"
      >
        <img
          alt="Oslo Bysykkel-logo"
          class="oslobysykkel-logo"
          src="oslobysykkel-logo.png"
        />
        <div
          class="bikes"
        >
          <span
            aria-label="sykkel"
            role="img"
          >
            ðŸš²
          </span>
           
          7
        </div>
        <div
          class="locks"
        >
          <span
            aria-label="sykkel"
            role="img"
          >
            ðŸ”’
          </span>
           
          11
        </div>
      </div>
    </div>
  </div>
  <div
    class="legend"
    role="list"
  >
    <div
      role="listitem"
    >
      <img
        alt="Oslo Bysykkel-logo"
        class="oslobysykkel-logo bike-and-lock-available"
        src="oslobysykkel-logo.png"
      />
      <span>
        Sykkel og lÃ¥s ledig
      </span>
    </div>
    <div>
      <img
        alt="Oslo Bysykkel-logo"
        class="oslobysykkel-logo bike-no-lock-available"
        src="oslobysykkel-logo.png"
      />
      <span>
        Ingen lÃ¥s ledig
      </span>
    </div>
    <div>
      <img
        alt="Oslo Bysykkel-logo"
        class="oslobysykkel-logo lock-no-bike-available"
        src="oslobysykkel-logo.png"
      />
      <span>
        Ingen sykkel ledig
      </span>
    </div>
  </div>
</div>
`;
